// Jest Snapshot v1, https://goo.gl/fbAQLP

exports[`Dummy Test 1`] = `
<div>
  <h3>
    Upload a .rar file containing the lab submissions.
  </h3>
  <div>
    <input
      onChange={[Function]}
      type="file"
    />
  </div>
  <div>
    <br />
    <h4>
      Choose before Pressing the Upload button
    </h4>
  </div>
</div>
`;
